###############################################################################
#
# IAR ELF Linker V8.32.3.193/W32 for ARM                  28/Jun/2022  14:33:06
# Copyright 2007-2019 IAR Systems AB.
#
#    Output file  =  
#        D:\ProjectMCU\stm32l476Projects\dsp\priemNDMdsp\EWARM\priemNDMdsp\Exe\priemNDMdsp.out
#    Map file     =  
#        D:\ProjectMCU\stm32l476Projects\dsp\priemNDMdsp\EWARM\priemNDMdsp\List\priemNDMdsp.map
#    Command line =  
#        -f C:\Users\telem\AppData\Local\Temp\EW3B63.tmp
#        (D:\ProjectMCU\stm32l476Projects\dsp\priemNDMdsp\EWARM\priemNDMdsp\Obj\gpio.o
#        D:\ProjectMCU\stm32l476Projects\dsp\priemNDMdsp\EWARM\priemNDMdsp\Obj\i2c.o
#        D:\ProjectMCU\stm32l476Projects\dsp\priemNDMdsp\EWARM\priemNDMdsp\Obj\main.o
#        D:\ProjectMCU\stm32l476Projects\dsp\priemNDMdsp\EWARM\priemNDMdsp\Obj\spi.o
#        D:\ProjectMCU\stm32l476Projects\dsp\priemNDMdsp\EWARM\priemNDMdsp\Obj\startup_stm32l476xx.o
#        D:\ProjectMCU\stm32l476Projects\dsp\priemNDMdsp\EWARM\priemNDMdsp\Obj\stm32l4xx_hal.o
#        D:\ProjectMCU\stm32l476Projects\dsp\priemNDMdsp\EWARM\priemNDMdsp\Obj\stm32l4xx_hal_cortex.o
#        D:\ProjectMCU\stm32l476Projects\dsp\priemNDMdsp\EWARM\priemNDMdsp\Obj\stm32l4xx_hal_dma.o
#        D:\ProjectMCU\stm32l476Projects\dsp\priemNDMdsp\EWARM\priemNDMdsp\Obj\stm32l4xx_hal_dma_ex.o
#        D:\ProjectMCU\stm32l476Projects\dsp\priemNDMdsp\EWARM\priemNDMdsp\Obj\stm32l4xx_hal_flash.o
#        D:\ProjectMCU\stm32l476Projects\dsp\priemNDMdsp\EWARM\priemNDMdsp\Obj\stm32l4xx_hal_flash_ex.o
#        D:\ProjectMCU\stm32l476Projects\dsp\priemNDMdsp\EWARM\priemNDMdsp\Obj\stm32l4xx_hal_flash_ramfunc.o
#        D:\ProjectMCU\stm32l476Projects\dsp\priemNDMdsp\EWARM\priemNDMdsp\Obj\stm32l4xx_hal_gpio.o
#        D:\ProjectMCU\stm32l476Projects\dsp\priemNDMdsp\EWARM\priemNDMdsp\Obj\stm32l4xx_hal_i2c.o
#        D:\ProjectMCU\stm32l476Projects\dsp\priemNDMdsp\EWARM\priemNDMdsp\Obj\stm32l4xx_hal_i2c_ex.o
#        D:\ProjectMCU\stm32l476Projects\dsp\priemNDMdsp\EWARM\priemNDMdsp\Obj\stm32l4xx_hal_msp.o
#        D:\ProjectMCU\stm32l476Projects\dsp\priemNDMdsp\EWARM\priemNDMdsp\Obj\stm32l4xx_hal_pwr.o
#        D:\ProjectMCU\stm32l476Projects\dsp\priemNDMdsp\EWARM\priemNDMdsp\Obj\stm32l4xx_hal_pwr_ex.o
#        D:\ProjectMCU\stm32l476Projects\dsp\priemNDMdsp\EWARM\priemNDMdsp\Obj\stm32l4xx_hal_rcc.o
#        D:\ProjectMCU\stm32l476Projects\dsp\priemNDMdsp\EWARM\priemNDMdsp\Obj\stm32l4xx_hal_rcc_ex.o
#        D:\ProjectMCU\stm32l476Projects\dsp\priemNDMdsp\EWARM\priemNDMdsp\Obj\stm32l4xx_hal_spi.o
#        D:\ProjectMCU\stm32l476Projects\dsp\priemNDMdsp\EWARM\priemNDMdsp\Obj\stm32l4xx_hal_spi_ex.o
#        D:\ProjectMCU\stm32l476Projects\dsp\priemNDMdsp\EWARM\priemNDMdsp\Obj\stm32l4xx_hal_tim.o
#        D:\ProjectMCU\stm32l476Projects\dsp\priemNDMdsp\EWARM\priemNDMdsp\Obj\stm32l4xx_hal_tim_ex.o
#        D:\ProjectMCU\stm32l476Projects\dsp\priemNDMdsp\EWARM\priemNDMdsp\Obj\stm32l4xx_hal_uart.o
#        D:\ProjectMCU\stm32l476Projects\dsp\priemNDMdsp\EWARM\priemNDMdsp\Obj\stm32l4xx_hal_uart_ex.o
#        D:\ProjectMCU\stm32l476Projects\dsp\priemNDMdsp\EWARM\priemNDMdsp\Obj\stm32l4xx_it.o
#        D:\ProjectMCU\stm32l476Projects\dsp\priemNDMdsp\EWARM\priemNDMdsp\Obj\system_stm32l4xx.o
#        D:\ProjectMCU\stm32l476Projects\dsp\priemNDMdsp\EWARM\priemNDMdsp\Obj\tim.o
#        D:\ProjectMCU\stm32l476Projects\dsp\priemNDMdsp\EWARM\priemNDMdsp\Obj\usart.o
#        --redirect _Printf=_PrintfFull --redirect _Scanf=_ScanfFull
#        --no_out_extension -o
#        D:\ProjectMCU\stm32l476Projects\dsp\priemNDMdsp\EWARM\priemNDMdsp\Exe\priemNDMdsp.out
#        --map
#        D:\ProjectMCU\stm32l476Projects\dsp\priemNDMdsp\EWARM\priemNDMdsp\List\priemNDMdsp.map
#        --config
#        D:\ProjectMCU\stm32l476Projects\dsp\priemNDMdsp\EWARM/stm32l476xx_flash.icf
#        --semihosting --entry __iar_program_start --vfe --text_out locale)
#
###############################################################################

*******************************************************************************
*** RUNTIME MODEL ATTRIBUTES
***

CppFlavor       = *
__SystemLibrary = DLib
__dlib_version  = 6


*******************************************************************************
*** HEAP SELECTION
***

The basic heap was selected because no calls to memory allocation
functions were found in the application outside of system library
functions, and there are calls to deallocation functions in the
application.


*******************************************************************************
*** PLACEMENT SUMMARY
***

"A0":  place at 0x800'0000 { ro section .intvec };
"P1":  place in [from 0x800'0000 to 0x80f'ffff] { ro };
define block CSTACK with size = 2K, alignment = 8 { };
define block HEAP with size = 1K, alignment = 8 { };
"P2":  place in [from 0x2000'0000 to 0x2001'7fff] {
          rw, block CSTACK, block HEAP };
initialize by copy { rw };

  Section            Kind         Address    Size  Object
  -------            ----         -------    ----  ------
"A0":                                       0x188
  .intvec            ro code   0x800'0000   0x188  startup_stm32l476xx.o [1]
                             - 0x800'0188   0x188

"P1":                                      0x59b0
  .text              ro code   0x800'0188   0xef4  spi.o [1]
  .text              ro code   0x800'107c    0xc4  stm32l4xx_hal_spi.o [1]
  .text              ro code   0x800'1140   0x1ee  main.o [1]
  .text              ro code   0x800'132e    0x7a  lz77_init_single.o [4]
  .text              ro code   0x800'13a8   0x40e  stm32l4xx_hal_gpio.o [1]
  .text              ro code   0x800'17b6    0x3a  zero_init3.o [4]
  .text              ro code   0x800'17f0   0x2ec  stm32l4xx_hal_tim.o [1]
  .text              ro code   0x800'1adc    0x66  ABImemset.o [4]
  .rodata            const     0x800'1b42     0x2  i2c.o [1]
  .text              ro code   0x800'1b44    0xa6  ABImemcpy.o [4]
  .text              ro code   0x800'1bea    0x20  stm32l4xx_hal.o [1]
  .rodata            const     0x800'1c0a     0x2  spi.o [1]
  .text              ro code   0x800'1c0c   0x278  i2c.o [1]
  .text              ro code   0x800'1e84    0x16  stm32l4xx_hal.o [1]
  .rodata            const     0x800'1e9a     0x2  usart.o [1]
  .text              ro code   0x800'1e9c   0x150  gpio.o [1]
  .text              ro code   0x800'1fec   0x604  usart.o [1]
  .text              ro code   0x800'25f0   0xb5e  stm32l4xx_hal_uart.o [1]
  .rodata            const     0x800'314e     0x1  i2c.o [1]
  .rodata            const     0x800'314f     0x1  main.o [1]
  .text              ro code   0x800'3150   0x134  tim.o [1]
  .text              ro code   0x800'3284   0x8c0  stm32l4xx_hal_rcc.o [1]
  .text              ro code   0x800'3b44   0x708  stm32l4xx_hal_rcc_ex.o [1]
  .text              ro code   0x800'424c    0x98  stm32l4xx_hal_pwr_ex.o [1]
  .text              ro code   0x800'42e4   0x172  stm32l4xx_hal_cortex.o [1]
  .text              ro code   0x800'4456     0x2  stm32l4xx_hal_tim.o [1]
  .text              ro code   0x800'4458     0x2  stm32l4xx_hal_tim.o [1]
  .text              ro code   0x800'445a     0x2  stm32l4xx_hal_tim.o [1]
  .text              ro code   0x800'445c     0x2  stm32l4xx_hal_tim.o [1]
  .text              ro code   0x800'445e     0x2  stm32l4xx_hal_tim_ex.o [1]
  .text              ro code   0x800'4460     0x2  stm32l4xx_hal_tim.o [1]
  .text              ro code   0x800'4462     0x2  stm32l4xx_hal_tim_ex.o [1]
  .text              ro code   0x800'4464     0xc  stm32l4xx_hal.o [1]
  .text              ro code   0x800'4470   0x650  stm32l4xx_hal_i2c.o [1]
  .text              ro code   0x800'4ac0    0xc8  stm32l4xx_hal_i2c_ex.o [1]
  .text              ro code   0x800'4b88    0x28  stm32l4xx_hal.o [1]
  .text              ro code   0x800'4bb0    0x90  stm32l4xx_hal_msp.o [1]
  .text              ro code   0x800'4c40    0x22  S32ToDbl.o [3]
  .text              ro code   0x800'4c64    0x3a  DblToS32.o [3]
  .text              ro code   0x800'4ca0    0x58  stm32l4xx_hal_dma.o [1]
  .text              ro code   0x800'4cf8     0x2  stm32l4xx_hal_uart.o [1]
  .text              ro code   0x800'4cfa     0x2  stm32l4xx_hal_uart_ex.o [1]
  .text              ro code   0x800'4cfc   0x230  I64DivMod.o [4]
  .text              ro code   0x800'4f2c     0x2  stm32l4xx_hal_uart.o [1]
  .text              ro code   0x800'4f2e     0x2  stm32l4xx_hal_uart.o [1]
  .text              ro code   0x800'4f30    0x64  stm32l4xx_hal_tim_ex.o [1]
  .text              ro code   0x800'4f94     0x2  I64DivZer.o [4]
  .text              ro code   0x800'4f98   0x5f4  stm32l4xx_it.o [1]
  .text              ro code   0x800'558c    0x10  stm32l4xx_hal.o [1]
  .text              ro code   0x800'559c    0x20  stm32l4xx_it.o [1]
  .rodata            const     0x800'55bc   0x100  usart.o [1]
  .text              ro code   0x800'56bc    0x60  system_stm32l4xx.o [1]
  .rodata            const     0x800'571c    0x3c  i2c.o [1]
  .rodata            const     0x800'5758    0x3c  main.o [1]
  .rodata            const     0x800'5794    0x3c  spi.o [1]
  .rodata            const     0x800'57d0    0x3c  tim.o [1]
  .rodata            const     0x800'580c    0x3c  usart.o [1]
  .rodata            const     0x800'5848    0x30  system_stm32l4xx.o [1]
  .text              ro code   0x800'5878    0x28  data_init.o [4]
  .text              ro code   0x800'58a0    0x22  fpinit_M.o [3]
  .iar.init_table    const     0x800'58c4    0x20  - Linker created -
  .text              ro code   0x800'58e4    0x1e  cmain.o [4]
  .text              ro code   0x800'5902     0x4  low_level_init.o [2]
  .text              ro code   0x800'5906     0x4  exit.o [2]
  .text              ro code   0x800'590c     0xa  cexit.o [4]
  .text              ro code   0x800'5918    0x14  exit.o [5]
  .rodata            const     0x800'592c    0x10  system_stm32l4xx.o [1]
  .text              ro code   0x800'593c    0x10  startup_stm32l476xx.o [1]
  .text              ro code   0x800'594c     0xc  cstartup_M.o [4]
  .rodata            const     0x800'5958     0x8  spi.o [1]
  .rodata            const     0x800'5960     0x8  system_stm32l4xx.o [1]
  .rodata            const     0x800'5968     0x4  usart.o [1]
  .text              ro code   0x800'596c     0x4  startup_stm32l476xx.o [1]
  .text              ro code   0x800'5970     0x4  startup_stm32l476xx.o [1]
  .text              ro code   0x800'5974     0x4  startup_stm32l476xx.o [1]
  .text              ro code   0x800'5978     0x4  startup_stm32l476xx.o [1]
  .text              ro code   0x800'597c     0x4  startup_stm32l476xx.o [1]
  .text              ro code   0x800'5980     0x4  startup_stm32l476xx.o [1]
  .text              ro code   0x800'5984     0x4  startup_stm32l476xx.o [1]
  .text              ro code   0x800'5988     0x4  startup_stm32l476xx.o [1]
  .text              ro code   0x800'598c     0x4  startup_stm32l476xx.o [1]
  .text              ro code   0x800'5990     0x4  startup_stm32l476xx.o [1]
  .text              ro code   0x800'5994     0x4  startup_stm32l476xx.o [1]
  .text              ro code   0x800'5998     0x4  startup_stm32l476xx.o [1]
  .text              ro code   0x800'599c     0x4  startup_stm32l476xx.o [1]
  .text              ro code   0x800'59a0     0x4  startup_stm32l476xx.o [1]
  .text              ro code   0x800'59a4     0x4  startup_stm32l476xx.o [1]
  .text              ro code   0x800'59a8     0x4  startup_stm32l476xx.o [1]
  .text              ro code   0x800'59ac     0x4  startup_stm32l476xx.o [1]
  .text              ro code   0x800'59b0     0x4  startup_stm32l476xx.o [1]
  .text              ro code   0x800'59b4     0x4  startup_stm32l476xx.o [1]
  .text              ro code   0x800'59b8     0x4  startup_stm32l476xx.o [1]
  .text              ro code   0x800'59bc     0x4  startup_stm32l476xx.o [1]
  .text              ro code   0x800'59c0     0x4  startup_stm32l476xx.o [1]
  .text              ro code   0x800'59c4     0x4  startup_stm32l476xx.o [1]
  .text              ro code   0x800'59c8     0x4  startup_stm32l476xx.o [1]
  .text              ro code   0x800'59cc     0x4  startup_stm32l476xx.o [1]
  .text              ro code   0x800'59d0     0x4  startup_stm32l476xx.o [1]
  .text              ro code   0x800'59d4     0x4  startup_stm32l476xx.o [1]
  .text              ro code   0x800'59d8     0x4  startup_stm32l476xx.o [1]
  .text              ro code   0x800'59dc     0x4  startup_stm32l476xx.o [1]
  .text              ro code   0x800'59e0     0x4  startup_stm32l476xx.o [1]
  .text              ro code   0x800'59e4     0x4  startup_stm32l476xx.o [1]
  .text              ro code   0x800'59e8     0x4  startup_stm32l476xx.o [1]
  .text              ro code   0x800'59ec     0x4  startup_stm32l476xx.o [1]
  .text              ro code   0x800'59f0     0x4  startup_stm32l476xx.o [1]
  .text              ro code   0x800'59f4     0x4  startup_stm32l476xx.o [1]
  .text              ro code   0x800'59f8     0x4  startup_stm32l476xx.o [1]
  .text              ro code   0x800'59fc     0x4  startup_stm32l476xx.o [1]
  .text              ro code   0x800'5a00     0x4  startup_stm32l476xx.o [1]
  .text              ro code   0x800'5a04     0x4  startup_stm32l476xx.o [1]
  .text              ro code   0x800'5a08     0x4  startup_stm32l476xx.o [1]
  .text              ro code   0x800'5a0c     0x4  startup_stm32l476xx.o [1]
  .text              ro code   0x800'5a10     0x4  startup_stm32l476xx.o [1]
  .text              ro code   0x800'5a14     0x4  startup_stm32l476xx.o [1]
  .text              ro code   0x800'5a18     0x4  startup_stm32l476xx.o [1]
  .text              ro code   0x800'5a1c     0x4  startup_stm32l476xx.o [1]
  .text              ro code   0x800'5a20     0x4  startup_stm32l476xx.o [1]
  .text              ro code   0x800'5a24     0x4  startup_stm32l476xx.o [1]
  .text              ro code   0x800'5a28     0x4  startup_stm32l476xx.o [1]
  .text              ro code   0x800'5a2c     0x4  startup_stm32l476xx.o [1]
  .text              ro code   0x800'5a30     0x4  startup_stm32l476xx.o [1]
  .text              ro code   0x800'5a34     0x4  startup_stm32l476xx.o [1]
  .text              ro code   0x800'5a38     0x4  startup_stm32l476xx.o [1]
  .text              ro code   0x800'5a3c     0x4  startup_stm32l476xx.o [1]
  .text              ro code   0x800'5a40     0x4  startup_stm32l476xx.o [1]
  .text              ro code   0x800'5a44     0x4  startup_stm32l476xx.o [1]
  .text              ro code   0x800'5a48     0x4  startup_stm32l476xx.o [1]
  .text              ro code   0x800'5a4c     0x4  startup_stm32l476xx.o [1]
  .text              ro code   0x800'5a50     0x4  startup_stm32l476xx.o [1]
  .text              ro code   0x800'5a54     0x4  startup_stm32l476xx.o [1]
  .text              ro code   0x800'5a58     0x4  startup_stm32l476xx.o [1]
  .text              ro code   0x800'5a5c     0x4  startup_stm32l476xx.o [1]
  .text              ro code   0x800'5a60     0x4  startup_stm32l476xx.o [1]
  .text              ro code   0x800'5a64     0x4  startup_stm32l476xx.o [1]
  .text              ro code   0x800'5a68     0x4  startup_stm32l476xx.o [1]
  .text              ro code   0x800'5a6c     0x4  startup_stm32l476xx.o [1]
  .text              ro code   0x800'5a70     0x4  startup_stm32l476xx.o [1]
  .text              ro code   0x800'5a74     0x4  startup_stm32l476xx.o [1]
  .text              ro code   0x800'5a78     0x4  startup_stm32l476xx.o [1]
  .text              ro code   0x800'5a7c     0x4  startup_stm32l476xx.o [1]
  .text              ro code   0x800'5a80     0x4  startup_stm32l476xx.o [1]
  .text              ro code   0x800'5a84     0x4  startup_stm32l476xx.o [1]
  .text              ro code   0x800'5a88     0x4  startup_stm32l476xx.o [1]
  .text              ro code   0x800'5a8c     0x4  startup_stm32l476xx.o [1]
  .text              ro code   0x800'5a90     0x4  startup_stm32l476xx.o [1]
  .text              ro code   0x800'5a94     0x4  startup_stm32l476xx.o [1]
  .text              ro code   0x800'5a98     0x4  startup_stm32l476xx.o [1]
  .text              ro code   0x800'5a9c     0x4  startup_stm32l476xx.o [1]
  .rodata            const     0x800'5aa0     0x0  zero_init3.o [4]
  .rodata            const     0x800'5aa0     0x0  lz77_init_single.o [4]
  Initializer bytes  const     0x800'5aa0    0x98  <for P2-1>
                             - 0x800'5b38  0x59b0

"P2", part 1 of 3:                          0x70c
  P2-1                        0x2000'0000   0x70c  <Init block>
    .data            inited   0x2000'0000     0x4  main.o [1]
    .data            inited   0x2000'0004   0x100  spi.o [1]
    .data            inited   0x2000'0104   0x3fc  stm32l4xx_it.o [1]
    .data            inited   0x2000'0500     0x4  system_stm32l4xx.o [1]
    .data            inited   0x2000'0504   0x200  usart.o [1]
    .data            inited   0x2000'0704     0x2  stm32l4xx_it.o [1]
    .data            inited   0x2000'0706     0x2  stm32l4xx_it.o [1]
    .data            inited   0x2000'0708     0x2  stm32l4xx_it.o [1]
    .data            inited   0x2000'070a     0x1  stm32l4xx_it.o [1]
    .data            inited   0x2000'070b     0x1  usart.o [1]
                            - 0x2000'070c   0x70c

"P2", part 2 of 3:                          0xe38
  .bss               zero     0x2000'070c   0x980  stm32l4xx_it.o [1]
  .bss               zero     0x2000'108c   0x180  stm32l4xx_it.o [1]
  .bss               zero     0x2000'120c    0x78  usart.o [1]
  .bss               zero     0x2000'1284    0x78  usart.o [1]
  .bss               zero     0x2000'12fc    0x64  spi.o [1]
  .bss               zero     0x2000'1360    0x4c  i2c.o [1]
  .bss               zero     0x2000'13ac    0x40  spi.o [1]
  .bss               zero     0x2000'13ec    0x40  tim.o [1]
  .bss               zero     0x2000'142c    0x40  tim.o [1]
  .bss               zero     0x2000'146c    0x20  usart.o [1]
  .bss               zero     0x2000'148c    0x20  usart.o [1]
  .bss               zero     0x2000'14ac    0x10  stm32l4xx_it.o [1]
  .bss               zero     0x2000'14bc    0x10  stm32l4xx_it.o [1]
  .bss               zero     0x2000'14cc    0x10  stm32l4xx_it.o [1]
  .bss               zero     0x2000'14dc    0x10  usart.o [1]
  .bss               zero     0x2000'14ec     0x8  i2c.o [1]
  .bss               zero     0x2000'14f4     0x8  i2c.o [1]
  .bss               zero     0x2000'1500     0x8  stm32l4xx_it.o [1]
  .bss               zero     0x2000'1508     0x8  stm32l4xx_it.o [1]
  .bss               zero     0x2000'1510     0x4  spi.o [1]
  .bss               zero     0x2000'1514     0x4  stm32l4xx_hal.o [1]
  .bss               zero     0x2000'1518     0x4  stm32l4xx_it.o [1]
  .bss               zero     0x2000'151c     0x4  stm32l4xx_it.o [1]
  .bss               zero     0x2000'1520     0x2  spi.o [1]
  .bss               zero     0x2000'1522     0x2  spi.o [1]
  .bss               zero     0x2000'1524     0x2  spi.o [1]
  .bss               zero     0x2000'1526     0x2  spi.o [1]
  .bss               zero     0x2000'1528     0x2  spi.o [1]
  .bss               zero     0x2000'152a     0x2  spi.o [1]
  .bss               zero     0x2000'152c     0x2  spi.o [1]
  .bss               zero     0x2000'152e     0x2  stm32l4xx_it.o [1]
  .bss               zero     0x2000'1530     0x2  stm32l4xx_it.o [1]
  .bss               zero     0x2000'1532     0x1  main.o [1]
  .bss               zero     0x2000'1533     0x1  spi.o [1]
  .bss               zero     0x2000'1534     0x1  stm32l4xx_it.o [1]
  .bss               zero     0x2000'1535     0x1  stm32l4xx_it.o [1]
  .bss               zero     0x2000'1536     0x1  stm32l4xx_it.o [1]
  .bss               zero     0x2000'1537     0x1  stm32l4xx_it.o [1]
  .bss               zero     0x2000'1538     0x1  stm32l4xx_it.o [1]
  .bss               zero     0x2000'1539     0x1  stm32l4xx_it.o [1]
  .bss               zero     0x2000'153a     0x1  stm32l4xx_it.o [1]
  .bss               zero     0x2000'153b     0x1  stm32l4xx_it.o [1]
  .bss               zero     0x2000'153c     0x1  stm32l4xx_it.o [1]
  .bss               zero     0x2000'153d     0x1  stm32l4xx_it.o [1]
  .bss               zero     0x2000'153e     0x1  stm32l4xx_it.o [1]
  .bss               zero     0x2000'153f     0x1  stm32l4xx_it.o [1]
  .bss               zero     0x2000'1540     0x1  stm32l4xx_it.o [1]
  .bss               zero     0x2000'1541     0x1  usart.o [1]
                            - 0x2000'1542   0xe36

"P2", part 3 of 3:                          0x800
  CSTACK                      0x2000'1548   0x800  <Block>
    CSTACK           uninit   0x2000'1548   0x800  <Block tail>
                            - 0x2000'1d48   0x800

Unused ranges:

         From           To      Size
         ----           --      ----
   0x800'5b38   0x80f'ffff  0xf'a4c8
  0x2000'1544  0x2000'1547       0x4
  0x2000'1d48  0x2001'7fff  0x1'62b8


*******************************************************************************
*** INIT TABLE
***

          Address      Size
          -------      ----
Zero (__iar_zero_init3)
    1 destination range, total size 0xe36:
          0x2000'070c  0xe36

Copy/lz77 (__iar_lz77_init_single3)
    1 source range, total size 0x98 (8% of destination):
           0x800'5aa0   0x98
    1 destination range, total size 0x70c:
          0x2000'0000  0x70c



*******************************************************************************
*** MODULE SUMMARY
***

    Module                   ro code  ro data  rw data
    ------                   -------  -------  -------
command line/config:
    --------------------------------------------------
    Total:

D:\ProjectMCU\stm32l476Projects\dsp\priemNDMdsp\EWARM\priemNDMdsp\Obj: [1]
    gpio.o                       336
    i2c.o                        632       63       92
    main.o                       494       61        5
    spi.o                      3 828       91      439
    startup_stm32l476xx.o        716
    stm32l4xx_hal.o              122                 4
    stm32l4xx_hal_cortex.o       370
    stm32l4xx_hal_dma.o           88
    stm32l4xx_hal_gpio.o       1 038
    stm32l4xx_hal_i2c.o        1 616
    stm32l4xx_hal_i2c_ex.o       200
    stm32l4xx_hal_msp.o          144
    stm32l4xx_hal_pwr_ex.o       152
    stm32l4xx_hal_rcc.o        2 240
    stm32l4xx_hal_rcc_ex.o     1 800
    stm32l4xx_hal_spi.o          196
    stm32l4xx_hal_tim.o          758
    stm32l4xx_hal_tim_ex.o       104
    stm32l4xx_hal_uart.o       2 916
    stm32l4xx_hal_uart_ex.o        2
    stm32l4xx_it.o             1 556       86    3 932
    system_stm32l4xx.o            96       73        4
    tim.o                        308       60      128
    usart.o                    1 540      366      834
    --------------------------------------------------
    Total:                    21 252      800    5 438

dl7M_tlf.a: [2]
    exit.o                         4
    low_level_init.o               4
    --------------------------------------------------
    Total:                         8

m7M_tls.a: [3]
    DblToS32.o                    58
    S32ToDbl.o                    34
    fpinit_M.o                    34
    --------------------------------------------------
    Total:                       126

rt7M_tl.a: [4]
    ABImemcpy.o                  166
    ABImemset.o                  102
    I64DivMod.o                  560
    I64DivZer.o                    2
    cexit.o                       10
    cmain.o                       30
    cstartup_M.o                  12
    data_init.o                   40
    lz77_init_single.o           122
    zero_init3.o                  58
    --------------------------------------------------
    Total:                     1 102

shb_l.a: [5]
    exit.o                        20
    --------------------------------------------------
    Total:                        20

    Gaps                          10        2        4
    Linker created                         32    2 048
------------------------------------------------------
    Grand Total:              22 518      834    7 490


*******************************************************************************
*** ENTRY LIST
***

Entry                       Address   Size  Type      Object
-----                       -------   ----  ----      ------
.iar.init_table$$Base    0x800'58c4          --   Gb  - Linker created -
.iar.init_table$$Limit   0x800'58e4          --   Gb  - Linker created -
?main                    0x800'58e5         Code  Gb  cmain.o [4]
AHBPrescTable            0x800'592c   0x10  Data  Gb  system_stm32l4xx.o [1]
APBPrescTable            0x800'5960    0x8  Data  Gb  system_stm32l4xx.o [1]
Atribut                 0x2000'153f    0x1  Data  Gb  stm32l4xx_it.o [1]
BusFault_Handler         0x800'5037    0x2  Code  Gb  stm32l4xx_it.o [1]
CSTACK$$Base            0x2000'1548          --   Gb  - Linker created -
CSTACK$$Limit           0x2000'1d48          --   Gb  - Linker created -
DebugMon_Handler         0x800'503d    0x2  Code  Gb  stm32l4xx_it.o [1]
EXTI1_IRQHandler         0x800'504d    0xa  Code  Gb  stm32l4xx_it.o [1]
FlashInit                0x800'0d5d  0x1f4  Code  Gb  spi.o [1]
GetTimeRTC               0x800'1d4d  0x10a  Code  Gb  i2c.o [1]
HAL_DMA_Abort_IT         0x800'4ca1   0x58  Code  Gb  stm32l4xx_hal_dma.o [1]
HAL_Delay                0x800'1beb   0x20  Code  Wk  stm32l4xx_hal.o [1]
HAL_GPIO_DeInit          0x800'15b1  0x180  Code  Gb  stm32l4xx_hal_gpio.o [1]
HAL_GPIO_EXTI_IRQHandler
                         0x800'175f   0x20  Code  Gb  stm32l4xx_hal_gpio.o [1]
HAL_GPIO_Init            0x800'13a9  0x208  Code  Gb  stm32l4xx_hal_gpio.o [1]
HAL_GPIO_ReadPin         0x800'1731   0x16  Code  Gb  stm32l4xx_hal_gpio.o [1]
HAL_GPIO_WritePin        0x800'1747   0x18  Code  Gb  stm32l4xx_hal_gpio.o [1]
HAL_GetTick              0x800'4465    0xc  Code  Wk  stm32l4xx_hal.o [1]
HAL_I2CEx_ConfigAnalogFilter
                         0x800'4ac1   0x64  Code  Gb  stm32l4xx_hal_i2c_ex.o [1]
HAL_I2CEx_ConfigDigitalFilter
                         0x800'4b25   0x64  Code  Gb  stm32l4xx_hal_i2c_ex.o [1]
HAL_I2C_Init             0x800'4471   0xcc  Code  Gb  stm32l4xx_hal_i2c.o [1]
HAL_I2C_Master_Receive   0x800'46d1  0x194  Code  Gb  stm32l4xx_hal_i2c.o [1]
HAL_I2C_Master_Transmit
                         0x800'453d  0x194  Code  Gb  stm32l4xx_hal_i2c.o [1]
HAL_I2C_MspInit          0x800'1c71   0x42  Code  Gb  i2c.o [1]
HAL_IncTick              0x800'558d   0x10  Code  Wk  stm32l4xx_hal.o [1]
HAL_Init                 0x800'1e85   0x16  Code  Gb  stm32l4xx_hal.o [1]
HAL_InitTick             0x800'4b89   0x28  Code  Wk  stm32l4xx_hal.o [1]
HAL_MspInit              0x800'4bb1   0x90  Code  Gb  stm32l4xx_hal_msp.o [1]
HAL_NVIC_EnableIRQ       0x800'43f5    0xe  Code  Gb  stm32l4xx_hal_cortex.o [1]
HAL_NVIC_SetPriority     0x800'43cb   0x2a  Code  Gb  stm32l4xx_hal_cortex.o [1]
HAL_NVIC_SetPriorityGrouping
                         0x800'43bf    0xc  Code  Gb  stm32l4xx_hal_cortex.o [1]
HAL_PWREx_ControlVoltageScaling
                         0x800'4259   0x7a  Code  Gb  stm32l4xx_hal_pwr_ex.o [1]
HAL_PWREx_GetVoltageRange
                         0x800'424d    0xc  Code  Gb  stm32l4xx_hal_pwr_ex.o [1]
HAL_RCCEx_PeriphCLKConfig
                         0x800'3b45  0x410  Code  Gb  stm32l4xx_hal_rcc_ex.o [1]
HAL_RCC_ClockConfig      0x800'37a1  0x1b0  Code  Gb  stm32l4xx_hal_rcc.o [1]
HAL_RCC_GetHCLKFreq      0x800'3a43    0x6  Code  Gb  stm32l4xx_hal_rcc.o [1]
HAL_RCC_GetPCLK1Freq     0x800'3a49   0x16  Code  Gb  stm32l4xx_hal_rcc.o [1]
HAL_RCC_GetPCLK2Freq     0x800'3a5f   0x16  Code  Gb  stm32l4xx_hal_rcc.o [1]
HAL_RCC_GetSysClockFreq
                         0x800'3951   0xf2  Code  Gb  stm32l4xx_hal_rcc.o [1]
HAL_RCC_OscConfig        0x800'3285  0x51c  Code  Gb  stm32l4xx_hal_rcc.o [1]
HAL_SPI_Init             0x800'107d   0xc4  Code  Gb  stm32l4xx_hal_spi.o [1]
HAL_SPI_MspInit          0x800'01e3   0x48  Code  Gb  spi.o [1]
HAL_SYSTICK_CLKSourceConfig
                         0x800'440f   0x1c  Code  Gb  stm32l4xx_hal_cortex.o [1]
HAL_SYSTICK_Config       0x800'4403    0xc  Code  Gb  stm32l4xx_hal_cortex.o [1]
HAL_SYSTICK_IRQHandler   0x800'442b    0x8  Code  Gb  stm32l4xx_hal_cortex.o [1]
HAL_TIMEx_BreakCallback
                         0x800'445f    0x2  Code  Wk  stm32l4xx_hal_tim_ex.o [1]
HAL_TIMEx_CommutationCallback
                         0x800'4463    0x2  Code  Wk  stm32l4xx_hal_tim_ex.o [1]
HAL_TIMEx_MasterConfigSynchronization
                         0x800'4f31   0x5a  Code  Gb  stm32l4xx_hal_tim_ex.o [1]
HAL_TIM_Base_Init        0x800'17f1   0x38  Code  Gb  stm32l4xx_hal_tim.o [1]
HAL_TIM_Base_MspInit     0x800'31e5   0x84  Code  Gb  tim.o [1]
HAL_TIM_Base_Start_IT    0x800'1829   0x1e  Code  Gb  stm32l4xx_hal_tim.o [1]
HAL_TIM_Base_Stop_IT     0x800'1847   0x36  Code  Gb  stm32l4xx_hal_tim.o [1]
HAL_TIM_IRQHandler       0x800'187d  0x176  Code  Gb  stm32l4xx_hal_tim.o [1]
HAL_UARTEx_WakeupCallback
                         0x800'4cfb    0x2  Code  Wk  stm32l4xx_hal_uart_ex.o [1]
HAL_UART_IRQHandler      0x800'2829  0x188  Code  Gb  stm32l4xx_hal_uart.o [1]
HAL_UART_Init            0x800'25f1   0x7e  Code  Gb  stm32l4xx_hal_uart.o [1]
HAL_UART_MspInit         0x800'208b   0x9a  Code  Gb  usart.o [1]
HAL_UART_Receive_IT      0x800'273f   0xe2  Code  Gb  stm32l4xx_hal_uart.o [1]
HAL_UART_Transmit        0x800'266f   0xd0  Code  Gb  stm32l4xx_hal_uart.o [1]
HardFault_Handler        0x800'5033    0x2  Code  Gb  stm32l4xx_it.o [1]
I2C_Flush_TXDR           0x800'4869   0x24  Code  Lc  stm32l4xx_hal_i2c.o [1]
I2C_IsAcknowledgeFailed
                         0x800'4a0d   0x7e  Code  Lc  stm32l4xx_hal_i2c.o [1]
I2C_TransferConfig       0x800'4a8b   0x2e  Code  Lc  stm32l4xx_hal_i2c.o [1]
I2C_WaitOnFlagUntilTimeout
                         0x800'488d   0x56  Code  Lc  stm32l4xx_hal_i2c.o [1]
I2C_WaitOnRXNEFlagUntilTimeout
                         0x800'498d   0x80  Code  Lc  stm32l4xx_hal_i2c.o [1]
I2C_WaitOnSTOPFlagUntilTimeout
                         0x800'493b   0x52  Code  Lc  stm32l4xx_hal_i2c.o [1]
I2C_WaitOnTXISFlagUntilTimeout
                         0x800'48e3   0x58  Code  Lc  stm32l4xx_hal_i2c.o [1]
MSIRangeTable            0x800'5848   0x30  Data  Gb  system_stm32l4xx.o [1]
MX_GPIO_Init             0x800'1e9d  0x150  Code  Gb  gpio.o [1]
MX_I2C1_Init             0x800'1c0d   0x64  Code  Gb  i2c.o [1]
MX_SPI1_Init             0x800'0189   0x5a  Code  Gb  spi.o [1]
MX_TIM6_Init             0x800'3151   0x4a  Code  Gb  tim.o [1]
MX_TIM7_Init             0x800'319b   0x4a  Code  Gb  tim.o [1]
MX_USART2_UART_Init      0x800'1fed   0x9e  Code  Gb  usart.o [1]
MemManage_Handler        0x800'5035    0x2  Code  Gb  stm32l4xx_it.o [1]
NMI_Handler              0x800'5031    0x2  Code  Gb  stm32l4xx_it.o [1]
NVIC_EnableIRQ           0x800'430d   0x16  Code  Lc  stm32l4xx_hal_cortex.o [1]
NVIC_EncodePriority      0x800'434f   0x40  Code  Lc  stm32l4xx_hal_cortex.o [1]
NVIC_GetPriorityGrouping
                         0x800'4303    0xa  Code  Lc  stm32l4xx_hal_cortex.o [1]
NVIC_SetPriority         0x800'4323   0x2c  Code  Lc  stm32l4xx_hal_cortex.o [1]
NVIC_SetPriorityGrouping
                         0x800'42e5   0x1e  Code  Lc  stm32l4xx_hal_cortex.o [1]
PendSV_Handler           0x800'503f    0x2  Code  Gb  stm32l4xx_it.o [1]
RCCEx_PLLSAI1_Config     0x800'3f69  0x172  Code  Lc  stm32l4xx_hal_rcc_ex.o [1]
RCCEx_PLLSAI2_Config     0x800'40dd  0x152  Code  Lc  stm32l4xx_hal_rcc_ex.o [1]
RCC_SetFlashLatencyFromMSIRange
                         0x800'3a75   0x8c  Code  Lc  stm32l4xx_hal_rcc.o [1]
Region$$Table$$Base      0x800'58c4          --   Gb  - Linker created -
Region$$Table$$Limit     0x800'58e4          --   Gb  - Linker created -
ResponseMode            0x2000'1538    0x1  Data  Gb  stm32l4xx_it.o [1]
SVC_Handler              0x800'503b    0x2  Code  Gb  stm32l4xx_it.o [1]
SysTick_Config           0x800'438f   0x30  Code  Lc  stm32l4xx_hal_cortex.o [1]
SysTick_Handler          0x800'5041    0xc  Code  Gb  stm32l4xx_it.o [1]
SystemClock_Config       0x800'123d   0xc0  Code  Gb  main.o [1]
SystemCoreClock         0x2000'0500    0x4  Data  Gb  system_stm32l4xx.o [1]
SystemInit               0x800'56bd   0x42  Code  Gb  system_stm32l4xx.o [1]
TIM6_DAC_IRQHandler      0x800'5465   0x80  Code  Gb  stm32l4xx_it.o [1]
TIM7_IRQHandler          0x800'54e5   0x2a  Code  Gb  stm32l4xx_it.o [1]
TIM_Base_SetConfig       0x800'19f3   0xc8  Code  Gb  stm32l4xx_hal_tim.o [1]
UARTSendData             0x800'03ed   0x42  Code  Gb  spi.o [1]
UART_AdvFeatureConfig    0x800'2e5d   0xda  Code  Gb  stm32l4xx_hal_uart.o [1]
UART_CheckIdleState      0x800'2f37   0x6e  Code  Gb  stm32l4xx_hal_uart.o [1]
UART_DMAAbortOnError     0x800'3039   0x1a  Code  Lc  stm32l4xx_hal_uart.o [1]
UART_EndRxTransfer       0x800'3013   0x24  Code  Lc  stm32l4xx_hal_uart.o [1]
UART_EndTransmit_IT      0x800'3055   0x22  Code  Lc  stm32l4xx_hal_uart.o [1]
UART_RxISR_16BIT         0x800'30e1   0x6e  Code  Lc  stm32l4xx_hal_uart.o [1]
UART_RxISR_8BIT          0x800'3077   0x6a  Code  Lc  stm32l4xx_hal_uart.o [1]
UART_SetConfig           0x800'29b1  0x47e  Code  Gb  stm32l4xx_hal_uart.o [1]
UART_WaitOnFlagUntilTimeout
                         0x800'2fa5   0x6e  Code  Gb  stm32l4xx_hal_uart.o [1]
USART2_IRQHandler        0x800'5059  0x40c  Code  Gb  stm32l4xx_it.o [1]
UsageFault_Handler       0x800'5039    0x2  Code  Gb  stm32l4xx_it.o [1]
WrToflash                0x800'0969  0x210  Code  Gb  spi.o [1]
_Error_Handler           0x800'132d    0x2  Code  Gb  main.o [1]
__aeabi_d2iz             0x800'4c65         Code  Gb  DblToS32.o [3]
__aeabi_i2d              0x800'4c41         Code  Gb  S32ToDbl.o [3]
__aeabi_ldiv0            0x800'4f95         Code  Gb  I64DivZer.o [4]
__aeabi_memcpy           0x800'1b45         Code  Gb  ABImemcpy.o [4]
__aeabi_memcpy4          0x800'1b65         Code  Gb  ABImemcpy.o [4]
__aeabi_memcpy8          0x800'1b65         Code  Gb  ABImemcpy.o [4]
__aeabi_memset           0x800'1add         Code  Gb  ABImemset.o [4]
__aeabi_uldivmod         0x800'4cfd         Code  Gb  I64DivMod.o [4]
__cmain                  0x800'58e5         Code  Gb  cmain.o [4]
__exit                   0x800'5919   0x14  Code  Gb  exit.o [5]
__iar_Memset             0x800'1add         Code  Gb  ABImemset.o [4]
__iar_Memset_word        0x800'1ae5         Code  Gb  ABImemset.o [4]
__iar_data_init3         0x800'5879   0x28  Code  Gb  data_init.o [4]
__iar_init_vfp           0x800'58a1         Code  Gb  fpinit_M.o [3]
__iar_llswitch           0x800'559d         Code  Gb  stm32l4xx_it.o [1]
__iar_lz77_init_single3
                         0x800'132f   0x7a  Code  Gb  lz77_init_single.o [4]
__iar_program_start      0x800'594d         Code  Gb  cstartup_M.o [4]
__iar_zero_init3         0x800'17b7   0x3a  Code  Gb  zero_init3.o [4]
__low_level_init         0x800'5903    0x4  Code  Gb  low_level_init.o [2]
__vector_table           0x800'0000         Data  Gb  startup_stm32l476xx.o [1]
_call_main               0x800'58f1         Code  Gb  cmain.o [4]
_exit                    0x800'590d         Code  Gb  cexit.o [4]
_main                    0x800'58ff         Code  Gb  cmain.o [4]
adr_RTC                  0x800'314e    0x1  Data  Gb  i2c.o [1]
allNDMDataRecive         0x800'22f1  0x26a  Code  Gb  usart.o [1]
cfCorPic                0x2000'146c   0x20  Data  Gb  usart.o [1]
clearFlashFull           0x800'0845   0xa0  Code  Gb  spi.o [1]
cntEnStartCorRecive     0x2000'1540    0x1  Data  Gb  stm32l4xx_it.o [1]
cntPack                 0x2000'1522    0x2  Data  Gb  spi.o [1]
compareTime              0x800'0c59   0xde  Code  Gb  spi.o [1]
corDataSignal            0x800'2231   0x86  Code  Gb  usart.o [1]
crctable                 0x800'55bc  0x100  Data  Gb  usart.o [1]
csDataflash             0x2000'152a    0x2  Data  Gb  spi.o [1]
currAdrFlash            0x2000'1510    0x4  Data  Gb  spi.o [1]
currDevelopment         0x2000'1524    0x2  Data  Gb  spi.o [1]
dataRTC                 0x2000'14ec    0x8  Data  Gb  i2c.o [1]
dataSS                  0x2000'108c  0x180  Data  Gb  stm32l4xx_it.o [1]
dataUsart               0x2000'1500    0x8  Data  Gb  stm32l4xx_it.o [1]
dataWRflash             0x2000'14cc   0x10  Data  Gb  stm32l4xx_it.o [1]
delay                    0x800'0305   0x10  Code  Lc  spi.o [1]
enFillTimeFlash         0x2000'153d    0x1  Data  Gb  stm32l4xx_it.o [1]
enTarCmnd               0x2000'1539    0x1  Data  Gb  stm32l4xx_it.o [1]
enWrDataToFlash         0x2000'153b    0x1  Data  Gb  stm32l4xx_it.o [1]
endDataFlash            0x2000'151c    0x4  Data  Gb  stm32l4xx_it.o [1]
ereaseFlash              0x800'0b79   0x6c  Code  Gb  spi.o [1]
exit                     0x800'5907    0x4  Code  Gb  exit.o [2]
fReciveTime             0x2000'1536    0x1  Data  Gb  stm32l4xx_it.o [1]
fReciveTimeALL          0x2000'1537    0x1  Data  Gb  stm32l4xx_it.o [1]
fSinchr                 0x2000'153a    0x1  Data  Gb  stm32l4xx_it.o [1]
findEndStr              0x2000'1528    0x2  Data  Gb  spi.o [1]
findMaxPoint             0x800'22b7   0x36  Code  Gb  usart.o [1]
findPhasePoint           0x800'2125   0xc4  Code  Gb  usart.o [1]
findSSinhr               0x800'4f99   0x98  Code  Gb  stm32l4xx_it.o [1]
flashData               0x2000'13ac   0x40  Data  Gb  spi.o [1]
flashRD                  0x800'0be5   0x6a  Code  Gb  spi.o [1]
getcrc8                  0x800'21e9   0x22  Code  Lc  usart.o [1]
halt                    0x2000'1532    0x1  Data  Gb  main.o [1]
hi2c1                   0x2000'1360   0x4c  Data  Gb  i2c.o [1]
hspi1                   0x2000'12fc   0x64  Data  Gb  spi.o [1]
htim6                   0x2000'13ec   0x40  Data  Gb  tim.o [1]
htim7                   0x2000'142c   0x40  Data  Gb  tim.o [1]
huart2                  0x2000'1284   0x78  Data  Gb  usart.o [1]
huart3                  0x2000'120c   0x78  Data  Gb  usart.o [1]
idFrame                  0x800'1c0a    0x2  Data  Gb  spi.o [1]
indRdTime               0x2000'153c    0x1  Data  Gb  stm32l4xx_it.o [1]
indRecWordNdm           0x2000'1530    0x2  Data  Gb  stm32l4xx_it.o [1]
infoDataFlashTx         0x2000'0004  0x100  Data  Gb  spi.o [1]
initRTC                  0x800'1cb3   0x1c  Code  Gb  i2c.o [1]
inverseToStraight        0x800'220b   0x26  Code  Lc  usart.o [1]
levAdcMax               0x2000'0706    0x2  Data  Gb  stm32l4xx_it.o [1]
levAdcMin               0x2000'0708    0x2  Data  Gb  stm32l4xx_it.o [1]
levCodADC               0x2000'152c    0x2  Data  Gb  spi.o [1]
levEreaseFlash          0x2000'1533    0x1  Data  Gb  spi.o [1]
levelCodAdc             0x2000'152e    0x2  Data  Gb  stm32l4xx_it.o [1]
main                     0x800'1141   0xfc  Code  Gb  main.o [1]
mirParamTRChan          0x2000'14bc   0x10  Data  Gb  stm32l4xx_it.o [1]
nBytesDataPack          0x2000'070a    0x1  Data  Gb  stm32l4xx_it.o [1]
nBytesInCadr            0x2000'0704    0x2  Data  Gb  stm32l4xx_it.o [1]
nPackage                0x2000'1520    0x2  Data  Gb  spi.o [1]
nSendByte               0x2000'1535    0x1  Data  Gb  stm32l4xx_it.o [1]
phase                   0x2000'070b    0x1  Data  Gb  usart.o [1]
prdPriznak              0x2000'153e    0x1  Data  Gb  stm32l4xx_it.o [1]
rdDatFromAD7980          0x800'022d   0xd8  Code  Gb  spi.o [1]
rdParamUart             0x2000'0104  0x3fc  Data  Gb  stm32l4xx_it.o [1]
readData8                0x800'0375   0x16  Code  Gb  spi.o [1]
readDataFromFlash        0x800'0471  0x3d4  Code  Gb  spi.o [1]
readFSR                  0x800'03a9   0x22  Code  Gb  spi.o [1]
resultNdmParam          0x2000'14dc   0x10  Data  Gb  usart.o [1]
resultValid             0x2000'14ac   0x10  Data  Gb  stm32l4xx_it.o [1]
rxNdmCadr               0x2000'070c  0x980  Data  Gb  stm32l4xx_it.o [1]
rxUsartBuf              0x2000'1541    0x1  Data  Gb  usart.o [1]
sendByte                 0x800'0315   0x60  Code  Gb  spi.o [1]
send_byteUART            0x800'03cb   0x22  Code  Gb  spi.o [1]
setTimeRTC               0x800'1ccf   0x7e  Code  Gb  i2c.o [1]
spBuf                   0x2000'148c   0x20  Data  Gb  usart.o [1]
startDataFlash          0x2000'1518    0x4  Data  Gb  stm32l4xx_it.o [1]
stopTxDataFlash          0x800'5958    0x8  Data  Gb  spi.o [1]
swapBytes                0x800'0453   0x1e  Code  Lc  spi.o [1]
switchToHardSPI          0x800'0fc1   0x3a  Code  Gb  spi.o [1]
switchToSoftSPI          0x800'0f55   0x66  Code  Gb  spi.o [1]
tUtcTime                0x2000'1508    0x8  Data  Gb  stm32l4xx_it.o [1]
taskTarir               0x2000'1534    0x1  Data  Gb  stm32l4xx_it.o [1]
timOUT                  0x2000'0000    0x4  Data  Gb  main.o [1]
totalDevelopment        0x2000'1526    0x2  Data  Gb  spi.o [1]
txReqestMode             0x800'314f    0x1  Data  Gb  main.o [1]
typeDataTime            0x2000'14f4    0x8  Data  Gb  i2c.o [1]
uwTick                  0x2000'1514    0x4  Data  Gb  stm32l4xx_hal.o [1]
verSoft                  0x800'1e9a    0x2  Data  Gb  usart.o [1]
verSoftware              0x800'5968    0x4  Data  Gb  usart.o [1]
wrExtAdrReg              0x800'042f   0x24  Code  Gb  spi.o [1]
wrFlash                  0x800'08e5   0x84  Code  Gb  spi.o [1]
writeCmnd                0x800'038b   0x1e  Code  Gb  spi.o [1]
ycs                     0x2000'0504  0x200  Data  Gb  usart.o [1]


[1] = D:\ProjectMCU\stm32l476Projects\dsp\priemNDMdsp\EWARM\priemNDMdsp\Obj
[2] = dl7M_tlf.a
[3] = m7M_tls.a
[4] = rt7M_tl.a
[5] = shb_l.a

  22 518 bytes of readonly  code memory
     834 bytes of readonly  data memory
   7 490 bytes of readwrite data memory

Errors: none
Warnings: none
